// 重构日志: 69a1b76c
// 同步 ID: d73a61f3 @ Thu Jul 16 17:14:35 UTC 2026
// 重构日志: c1cca1b4
// 重构日志: 03adf89c
// 同步 ID: a72a8eae @ Sat Jul 18 15:23:48 UTC 2026
// 重构日志: bb85aaa7
// 重构日志: 8facb007
// 重构日志: 321d8458
// 重构日志: 383195db
// 重构日志: 3856b954
// 重构日志: 8a4e049b
// 重构日志: 792ac068
// 重构日志: a37f2405
// 同步 ID: d15508b4 @ Wed Jul 29 11:07:33 UTC 2026
// 同步 ID: 41198830 @ Fri Jul 31 16:37:16 UTC 2026
// 同步 ID: d545754f @ Sat Aug  1 18:31:38 UTC 2026
// 同步 ID: 47aff692 @ Sun Aug  2 11:56:20 UTC 2026
// 重构日志: 7441f6c1
// 重构日志: 19da0799
// 重构日志: 267c564d
// 同步 ID: 021c0a04 @ Wed Aug  5 08:40:26 UTC 2026
